main.c:89:12:abs	16	static
main.c:91:6:HAL_ADC_ConvCpltCallback	24	static
main.c:100:6:HAL_UART_RxCpltCallback	16	static
main.c:108:6:HAL_TIM_PeriodElapsedCallback	16	static
main.c:122:5:main	8	static
main.c:190:6:SystemClock_Config	88	static
main.c:235:13:MX_ADC1_Init	24	static
main.c:285:13:MX_TIM2_Init	64	static
main.c:344:13:MX_TIM3_Init	32	static
main.c:389:13:MX_USART1_UART_Init	8	static
main.c:422:13:MX_USART2_UART_Init	8	static
main.c:455:13:MX_USART6_UART_Init	8	static
main.c:488:13:MX_GPIO_Init	48	static
main.c:530:6:Error_Handler	4	static,ignoring_inline_asm
